TAP version 13
# Subtest: native compiler generates executable English and Spanish messages
ok 1 - native compiler generates executable English and Spanish messages
  ---
  duration_ms: 318.998518
  type: 'test'
  ...
# Subtest: missing Spanish input fails before generation
ok 2 - missing Spanish input fails before generation
  ---
  duration_ms: 9.066954
  type: 'test'
  ...
# Subtest: unreviewed language and source pattern cannot read other paths
ok 3 - unreviewed language and source pattern cannot read other paths
  ---
  duration_ms: 5.177065
  type: 'test'
  ...
# Subtest: linked source input is refused
ok 4 - linked source input is refused
  ---
  duration_ms: 6.455039
  type: 'test'
  ...
# Subtest: linked output ancestor is refused without writing its target
ok 5 - linked output ancestor is refused without writing its target
  ---
  duration_ms: 6.094221
  type: 'test'
  ...
# Subtest: empty child environment excludes credential and unrecognized canaries
ok 6 - empty child environment excludes credential and unrecognized canaries
  ---
  duration_ms: 1.656564
  type: 'test'
  ...
# Subtest: acceptance refuses baseline and route-audit modes
ok 7 - acceptance refuses baseline and route-audit modes
  ---
  duration_ms: 0.756764
  type: 'test'
  ...
# Subtest: network guard refuses a real native outbound call even when its error is caught
ok 8 - network guard refuses a real native outbound call even when its error is caught
  ---
  duration_ms: 0.624088
  type: 'test'
  ...
# Subtest: loopback guard permits real native HTTP using Node normalized connection arguments
ok 9 - loopback guard permits real native HTTP using Node normalized connection arguments
  ---
  duration_ms: 23.554667
  type: 'test'
  ...
# Subtest: complete 81-case evidence control is accepted
ok 10 - complete 81-case evidence control is accepted
  ---
  duration_ms: 4.894788
  type: 'test'
  ...
# Subtest: browser acceptance rejects missing engine
ok 11 - browser acceptance rejects missing engine
  ---
  duration_ms: 2.120138
  type: 'test'
  ...
# Subtest: browser acceptance rejects missing case
ok 12 - browser acceptance rejects missing case
  ---
  duration_ms: 3.583928
  type: 'test'
  ...
# Subtest: browser acceptance rejects duplicate
ok 13 - browser acceptance rejects duplicate
  ---
  duration_ms: 2.471123
  type: 'test'
  ...
# Subtest: browser acceptance rejects skip
ok 14 - browser acceptance rejects skip
  ---
  duration_ms: 1.316623
  type: 'test'
  ...
# Subtest: browser acceptance rejects retry
ok 15 - browser acceptance rejects retry
  ---
  duration_ms: 2.16754
  type: 'test'
  ...
# Subtest: browser acceptance rejects setup error
ok 16 - browser acceptance rejects setup error
  ---
  duration_ms: 0.882332
  type: 'test'
  ...
# Subtest: browser acceptance rejects missing evidence
ok 17 - browser acceptance rejects missing evidence
  ---
  duration_ms: 1.120975
  type: 'test'
  ...
# Subtest: browser acceptance rejects altered artifact
ok 18 - browser acceptance rejects altered artifact
  ---
  duration_ms: 1.438457
  type: 'test'
  ...
# Subtest: native result must contain every passing case without pending cases
ok 19 - native result must contain every passing case without pending cases
  ---
  duration_ms: 0.47073
  type: 'test'
  ...
# Subtest: actual native Playwright JSON and process exits distinguish passed, failed and selected runs
ok 20 - actual native Playwright JSON and process exits distinguish passed, failed and selected runs
  ---
  duration_ms: 6792.421966
  type: 'test'
  ...
# Subtest: native Vitest Node and HappyDOM workers inherit the preload guard and empty credentials
ok 21 - native Vitest Node and HappyDOM workers inherit the preload guard and empty credentials
  ---
  duration_ms: 1372.943499
  type: 'test'
  ...
# Subtest: retained evidence excludes private caches without following links in evidence
ok 22 - retained evidence excludes private caches without following links in evidence
  ---
  duration_ms: 3.567045
  type: 'test'
  ...
# Subtest: data builder rejects nonempty output before importing compilers or changing caller files
ok 23 - data builder rejects nonempty output before importing compilers or changing caller files
  ---
  duration_ms: 74.166063
  type: 'test'
  ...
1..23
# tests 23
# suites 0
# pass 23
# fail 0
# cancelled 0
# skipped 0
# todo 0
# duration_ms 8875.463902
