
[1m[30m[46m RUN [49m[39m[22m [36mv4.1.10 [39m[90m/home/nikolas/.cache/minion-qc/finance-binding-3xx5pb49/minion_hub[39m

[90mstdout[2m | src/server/services/finance-statements.effect-ownership.sql.integration.test.ts
[22m[39m{
  severity_local: [32m'WARNING'[39m,
  severity: [32m'WARNING'[39m,
  code: [32m'25P01'[39m,
  message: [32m'there is no transaction in progress'[39m,
  file: [32m'xact.c'[39m,
  line: [32m'4236'[39m,
  routine: [32m'UserAbortTransactionBlock'[39m
}

[90mstdout[2m | src/server/services/finance-statements.effect-ownership.sql.integration.test.ts
[22m[39m{
  severity_local: [32m'NOTICE'[39m,
  severity: [32m'NOTICE'[39m,
  code: [32m'00000'[39m,
  message: [32m'drop cascades to 5 other objects'[39m,
  detail: [32m'drop cascades to table qc_job_stock_4698feb064e14f1eb622c53fb245b4b2.bg_jobs\n'[39m +
    [32m'drop cascades to function qc_job_stock_4698feb064e14f1eb622c53fb245b4b2.job_effect_vectors_valid(jsonb,integer)\n'[39m +
    [32m'drop cascades to table qc_job_stock_4698feb064e14f1eb622c53fb245b4b2.job_effects\n'[39m +
    [32m'drop cascades to table qc_job_stock_4698feb064e14f1eb622c53fb245b4b2.fin_statement_imports\n'[39m +
    [32m'drop cascades to table qc_job_stock_4698feb064e14f1eb622c53fb245b4b2.fin_transactions'[39m,
  file: [32m'dependency.c'[39m,
  line: [32m'1171'[39m,
  routine: [32m'reportDependentObjects'[39m
}

[90mstdout[2m | src/server/services/finance-statements.effect-ownership.sql.integration.test.ts
[22m[39mQC_FINANCE_NATIVE_NETWORK {"allowed":5,"denied":0}

 [32m✓[39m src/server/services/finance-statements.effect-ownership.sql.integration.test.ts [2m([22m[2m41 tests[22m[2m)[22m[33m 4859[2mms[22m[39m
     [33m[2m✓[22m[39m persists a 500-row chunk with job progress and rejects parsing undo before explicit retry resumes [33m 318[2mms[22m[39m

[2m Test Files [22m [1m[32m1 passed[39m[22m[90m (1)[39m
[2m      Tests [22m [1m[32m41 passed[39m[22m[90m (41)[39m
[2m   Start at [22m 02:39:31
[2m   Duration [22m 6.57s[2m (transform 813ms, setup 253ms, import 1.29s, tests 4.86s, environment 0ms)[22m

