BEGIN
CREATE TABLE
CREATE ROLE
CREATE ROLE
CREATE ROLE
   phase   |                   target                   |                   member                   |  grantor  | admin_option | inherit_option | set_option 
-----------+--------------------------------------------+--------------------------------------------+-----------+--------------+----------------+------------
 temporary | notification_projection_bridge_receipt_v10 | minion_qc                                  | minion_qc | f            | t              | t
 temporary | notification_projection_final_receipt_v10  | notification_projection_bridge_receipt_v10 | minion_qc | f            | f              | t
(2 rows)

DO
INSERT 0 0
CREATE FUNCTION
GRANT
ALTER FUNCTION
REVOKE
DROP ROLE
DO
COMMIT
   phase   | bridge_absent | owner_exact | schema_create_absent | runtime_set_denied | runtime_usage_denied 
-----------+---------------+-------------+----------------------+--------------------+----------------------
 committed | t             | t           | t                    | t                  | t
(1 row)

 phase | target | member | grantor | admin_option | inherit_option | set_option 
-------+--------+--------+---------+--------------+----------------+------------
(0 rows)

BEGIN
DROP FUNCTION
DROP ROLE
DROP ROLE
COMMIT
 runtime_probe_clean | bridge_clean | final_clean | function_clean 
---------------------+--------------+-------------+----------------
 t                   | t            | t           | t
(1 row)

