TAP version 13
# Subtest: shared archive admits the exact 44 installed members from the selected delivery
ok 1 - shared archive admits the exact 44 installed members from the selected delivery
  ---
  duration_ms: 271.019209
  type: 'test'
  ...
# Subtest: shared archive rejects corrupted delivery bytes before installed qualification
ok 2 - shared archive rejects corrupted delivery bytes before installed qualification
  ---
  duration_ms: 7.476188
  type: 'test'
  ...
# Subtest: shared archive rejects a changed installed client
ok 3 - shared archive rejects a changed installed client
  ---
  duration_ms: 15.196639
  type: 'test'
  ...
# Subtest: shared archive rejects a missing installed declaration
ok 4 - shared archive rejects a missing installed declaration
  ---
  duration_ms: 245.663393
  type: 'test'
  ...
# Subtest: shared archive rejects an extra installed file
ok 5 - shared archive rejects an extra installed file
  ---
  duration_ms: 16.953173
  type: 'test'
  ...
# Subtest: shared archive rejects an extra installed directory
ok 6 - shared archive rejects an extra installed directory
  ---
  duration_ms: 13.980263
  type: 'test'
  ...
# Subtest: shared archive rejects a linked installed member even with matching bytes
ok 7 - shared archive rejects a linked installed member even with matching bytes
  ---
  duration_ms: 14.792338
  type: 'test'
  ...
# Subtest: shared archive rejects a linked installed package root
ok 8 - shared archive rejects a linked installed package root
  ---
  duration_ms: 6.183803
  type: 'test'
  ...
1..8
# tests 8
# suites 0
# pass 8
# fail 0
# cancelled 0
# skipped 0
# todo 0
# duration_ms 731.905043
