TAP version 13
# Subtest: shared archive admits the exact 44 installed members from the selected delivery
ok 1 - shared archive admits the exact 44 installed members from the selected delivery
  ---
  duration_ms: 24.497711
  type: 'test'
  ...
# Subtest: shared archive rejects corrupted delivery bytes before installed qualification
not ok 2 - shared archive rejects corrupted delivery bytes before installed qualification
  ---
  duration_ms: 8.00657
  type: 'test'
  location: '/home/nikolas/.cache/minion-qc/site-production-i01etdap/minion_site/scripts/qc/ui-fixtures.test.mjs:42:1'
  failureType: 'testCodeFailure'
  error: 'Missing expected exception.'
  code: 'ERR_ASSERTION'
  name: 'AssertionError'
  expected:
  operator: 'throws'
  stack: |-
    TestContext.<anonymous> (file:///home/nikolas/.cache/minion-qc/site-production-i01etdap/minion_site/scripts/qc/ui-fixtures.test.mjs:47:10)
    Test.runInAsyncScope (node:async_hooks:214:14)
    Test.run (node:internal/test_runner/test:1047:25)
    Test.processPendingSubtests (node:internal/test_runner/test:744:18)
    Test.postRun (node:internal/test_runner/test:1173:19)
    Test.run (node:internal/test_runner/test:1101:12)
    async startSubtestAfterBootstrap (node:internal/test_runner/harness:296:3)
  ...
# Subtest: shared archive rejects a changed installed client
not ok 3 - shared archive rejects a changed installed client
  ---
  duration_ms: 8.037743
  type: 'test'
  location: '/home/nikolas/.cache/minion-qc/site-production-i01etdap/minion_site/scripts/qc/ui-fixtures.test.mjs:50:1'
  failureType: 'testCodeFailure'
  error: 'Missing expected exception.'
  code: 'ERR_ASSERTION'
  name: 'AssertionError'
  expected:
  operator: 'throws'
  stack: |-
    TestContext.<anonymous> (file:///home/nikolas/.cache/minion-qc/site-production-i01etdap/minion_site/scripts/qc/ui-fixtures.test.mjs:53:10)
    Test.runInAsyncScope (node:async_hooks:214:14)
    Test.run (node:internal/test_runner/test:1047:25)
    Test.processPendingSubtests (node:internal/test_runner/test:744:18)
    Test.postRun (node:internal/test_runner/test:1173:19)
    Test.run (node:internal/test_runner/test:1101:12)
    async Test.processPendingSubtests (node:internal/test_runner/test:744:7)
  ...
# Subtest: shared archive rejects a missing installed declaration
not ok 4 - shared archive rejects a missing installed declaration
  ---
  duration_ms: 6.442498
  type: 'test'
  location: '/home/nikolas/.cache/minion-qc/site-production-i01etdap/minion_site/scripts/qc/ui-fixtures.test.mjs:56:1'
  failureType: 'testCodeFailure'
  error: 'Missing expected exception.'
  code: 'ERR_ASSERTION'
  name: 'AssertionError'
  expected:
  operator: 'throws'
  stack: |-
    TestContext.<anonymous> (file:///home/nikolas/.cache/minion-qc/site-production-i01etdap/minion_site/scripts/qc/ui-fixtures.test.mjs:59:10)
    Test.runInAsyncScope (node:async_hooks:214:14)
    Test.run (node:internal/test_runner/test:1047:25)
    Test.processPendingSubtests (node:internal/test_runner/test:744:18)
    Test.postRun (node:internal/test_runner/test:1173:19)
    Test.run (node:internal/test_runner/test:1101:12)
    async Test.processPendingSubtests (node:internal/test_runner/test:744:7)
  ...
# Subtest: shared archive rejects an extra installed file
not ok 5 - shared archive rejects an extra installed file
  ---
  duration_ms: 6.729075
  type: 'test'
  location: '/home/nikolas/.cache/minion-qc/site-production-i01etdap/minion_site/scripts/qc/ui-fixtures.test.mjs:63:3'
  failureType: 'testCodeFailure'
  error: 'Missing expected exception.'
  code: 'ERR_ASSERTION'
  name: 'AssertionError'
  expected:
  operator: 'throws'
  stack: |-
    TestContext.<anonymous> (file:///home/nikolas/.cache/minion-qc/site-production-i01etdap/minion_site/scripts/qc/ui-fixtures.test.mjs:68:12)
    Test.runInAsyncScope (node:async_hooks:214:14)
    Test.run (node:internal/test_runner/test:1047:25)
    Test.processPendingSubtests (node:internal/test_runner/test:744:18)
    Test.postRun (node:internal/test_runner/test:1173:19)
    Test.run (node:internal/test_runner/test:1101:12)
    async Test.processPendingSubtests (node:internal/test_runner/test:744:7)
  ...
# Subtest: shared archive rejects an extra installed directory
not ok 6 - shared archive rejects an extra installed directory
  ---
  duration_ms: 6.708569
  type: 'test'
  location: '/home/nikolas/.cache/minion-qc/site-production-i01etdap/minion_site/scripts/qc/ui-fixtures.test.mjs:63:3'
  failureType: 'testCodeFailure'
  error: 'Missing expected exception.'
  code: 'ERR_ASSERTION'
  name: 'AssertionError'
  expected:
  operator: 'throws'
  stack: |-
    TestContext.<anonymous> (file:///home/nikolas/.cache/minion-qc/site-production-i01etdap/minion_site/scripts/qc/ui-fixtures.test.mjs:68:12)
    Test.runInAsyncScope (node:async_hooks:214:14)
    Test.run (node:internal/test_runner/test:1047:25)
    Test.processPendingSubtests (node:internal/test_runner/test:744:18)
    Test.postRun (node:internal/test_runner/test:1173:19)
    Test.run (node:internal/test_runner/test:1101:12)
    async Test.processPendingSubtests (node:internal/test_runner/test:744:7)
  ...
# Subtest: shared archive rejects a linked installed member even with matching bytes
ok 7 - shared archive rejects a linked installed member even with matching bytes
  ---
  duration_ms: 5.511354
  type: 'test'
  ...
# Subtest: shared archive rejects a linked installed package root
not ok 8 - shared archive rejects a linked installed package root
  ---
  duration_ms: 6.10959
  type: 'test'
  location: '/home/nikolas/.cache/minion-qc/site-production-i01etdap/minion_site/scripts/qc/ui-fixtures.test.mjs:80:1'
  failureType: 'testCodeFailure'
  error: 'Missing expected exception.'
  code: 'ERR_ASSERTION'
  name: 'AssertionError'
  expected:
  operator: 'throws'
  stack: |-
    TestContext.<anonymous> (file:///home/nikolas/.cache/minion-qc/site-production-i01etdap/minion_site/scripts/qc/ui-fixtures.test.mjs:84:10)
    Test.runInAsyncScope (node:async_hooks:214:14)
    Test.run (node:internal/test_runner/test:1047:25)
    Test.processPendingSubtests (node:internal/test_runner/test:744:18)
    Test.postRun (node:internal/test_runner/test:1173:19)
    Test.run (node:internal/test_runner/test:1101:12)
    async Test.processPendingSubtests (node:internal/test_runner/test:744:7)
  ...
1..8
# tests 8
# suites 0
# pass 2
# fail 6
# cancelled 0
# skipped 0
# todo 0
# duration_ms 202.474371
