TAP version 13
# Subtest: native compiler generates executable English and Spanish messages
ok 1 - native compiler generates executable English and Spanish messages
  ---
  duration_ms: 319.041316
  type: 'test'
  ...
# Subtest: missing Spanish input fails before generation
ok 2 - missing Spanish input fails before generation
  ---
  duration_ms: 5.747206
  type: 'test'
  ...
# Subtest: unreviewed language and source pattern cannot read other paths
ok 3 - unreviewed language and source pattern cannot read other paths
  ---
  duration_ms: 5.963566
  type: 'test'
  ...
# Subtest: linked source input is refused
ok 4 - linked source input is refused
  ---
  duration_ms: 5.026102
  type: 'test'
  ...
# Subtest: linked output ancestor is refused without writing its target
ok 5 - linked output ancestor is refused without writing its target
  ---
  duration_ms: 4.27076
  type: 'test'
  ...
# Subtest: shared archive admits the exact 44 installed members from the selected delivery
ok 6 - shared archive admits the exact 44 installed members from the selected delivery
  ---
  duration_ms: 267.94002
  type: 'test'
  ...
# Subtest: shared archive rejects corrupted delivery bytes before installed qualification
ok 7 - shared archive rejects corrupted delivery bytes before installed qualification
  ---
  duration_ms: 8.352036
  type: 'test'
  ...
# Subtest: shared archive rejects a changed installed client with the original byte length
ok 8 - shared archive rejects a changed installed client with the original byte length
  ---
  duration_ms: 224.193584
  type: 'test'
  ...
# Subtest: shared archive rejects a missing installed declaration
ok 9 - shared archive rejects a missing installed declaration
  ---
  duration_ms: 222.401201
  type: 'test'
  ...
# Subtest: shared archive rejects an extra installed file
ok 10 - shared archive rejects an extra installed file
  ---
  duration_ms: 18.477961
  type: 'test'
  ...
# Subtest: shared archive rejects an extra installed directory
ok 11 - shared archive rejects an extra installed directory
  ---
  duration_ms: 16.526855
  type: 'test'
  ...
# Subtest: shared archive rejects a linked installed member even with matching bytes
ok 12 - shared archive rejects a linked installed member even with matching bytes
  ---
  duration_ms: 16.461046
  type: 'test'
  ...
# Subtest: shared archive rejects a linked installed package root
ok 13 - shared archive rejects a linked installed package root
  ---
  duration_ms: 6.419189
  type: 'test'
  ...
# Subtest: empty child environment excludes credential and unrecognized canaries
ok 14 - empty child environment excludes credential and unrecognized canaries
  ---
  duration_ms: 0.607114
  type: 'test'
  ...
# Subtest: acceptance refuses baseline and route-audit modes
ok 15 - acceptance refuses baseline and route-audit modes
  ---
  duration_ms: 0.596649
  type: 'test'
  ...
# Subtest: network guard refuses a real native outbound call even when its error is caught
ok 16 - network guard refuses a real native outbound call even when its error is caught
  ---
  duration_ms: 0.752306
  type: 'test'
  ...
# Subtest: loopback guard permits real native HTTP using Node normalized connection arguments
ok 17 - loopback guard permits real native HTTP using Node normalized connection arguments
  ---
  duration_ms: 36.846014
  type: 'test'
  ...
# Subtest: complete 81-case evidence control is accepted
ok 18 - complete 81-case evidence control is accepted
  ---
  duration_ms: 4.688576
  type: 'test'
  ...
# Subtest: browser acceptance rejects missing engine
ok 19 - browser acceptance rejects missing engine
  ---
  duration_ms: 2.044841
  type: 'test'
  ...
# Subtest: browser acceptance rejects missing case
ok 20 - browser acceptance rejects missing case
  ---
  duration_ms: 2.908758
  type: 'test'
  ...
# Subtest: browser acceptance rejects duplicate
ok 21 - browser acceptance rejects duplicate
  ---
  duration_ms: 2.034278
  type: 'test'
  ...
# Subtest: browser acceptance rejects skip
ok 22 - browser acceptance rejects skip
  ---
  duration_ms: 0.752592
  type: 'test'
  ...
# Subtest: browser acceptance rejects retry
ok 23 - browser acceptance rejects retry
  ---
  duration_ms: 0.747825
  type: 'test'
  ...
# Subtest: browser acceptance rejects setup error
ok 24 - browser acceptance rejects setup error
  ---
  duration_ms: 1.049142
  type: 'test'
  ...
# Subtest: browser acceptance rejects missing evidence
ok 25 - browser acceptance rejects missing evidence
  ---
  duration_ms: 1.04308
  type: 'test'
  ...
# Subtest: browser acceptance rejects altered artifact
ok 26 - browser acceptance rejects altered artifact
  ---
  duration_ms: 1.743661
  type: 'test'
  ...
# Subtest: native result must contain every passing case without pending cases
ok 27 - native result must contain every passing case without pending cases
  ---
  duration_ms: 0.635313
  type: 'test'
  ...
# Subtest: actual native Playwright JSON and process exits distinguish passed, failed and selected runs
ok 28 - actual native Playwright JSON and process exits distinguish passed, failed and selected runs
  ---
  duration_ms: 6757.025071
  type: 'test'
  ...
# Subtest: native Vitest Node and HappyDOM workers inherit the preload guard and empty credentials
ok 29 - native Vitest Node and HappyDOM workers inherit the preload guard and empty credentials
  ---
  duration_ms: 1235.364957
  type: 'test'
  ...
# Subtest: retained evidence excludes private caches without following links in evidence
ok 30 - retained evidence excludes private caches without following links in evidence
  ---
  duration_ms: 3.382508
  type: 'test'
  ...
# Subtest: data builder rejects nonempty output before importing compilers or changing caller files
ok 31 - data builder rejects nonempty output before importing compilers or changing caller files
  ---
  duration_ms: 68.543665
  type: 'test'
  ...
1..31
# tests 31
# suites 0
# pass 31
# fail 0
# cancelled 0
# skipped 0
# todo 0
# duration_ms 9046.240388
