                     jsonb_pretty                      
-------------------------------------------------------
 [                                                    +
     {                                                +
         "owner": "minion_qc",                        +
         "policy": "join_request_admin_all",          +
         "command": "ALL",                            +
         "matches": true,                             +
         "relation": "join_request",                  +
         "expectedRoles": [                           +
             "anon",                                  +
             "authenticated",                         +
             "minion_qc",                             +
             "service_role"                           +
         ],                                           +
         "actualCommandRoles": [                      +
             "anon",                                  +
             "authenticated",                         +
             "minion_qc",                             +
             "service_role"                           +
         ]                                            +
     },                                               +
     {                                                +
         "owner": "minion_qc",                        +
         "policy": "join_request_self_insert",        +
         "command": "INSERT",                         +
         "matches": true,                             +
         "relation": "join_request",                  +
         "expectedRoles": [                           +
             "anon",                                  +
             "authenticated",                         +
             "minion_qc",                             +
             "service_role"                           +
         ],                                           +
         "actualCommandRoles": [                      +
             "anon",                                  +
             "authenticated",                         +
             "minion_qc",                             +
             "service_role"                           +
         ]                                            +
     },                                               +
     {                                                +
         "owner": "minion_qc",                        +
         "policy": "join_request_self_select",        +
         "command": "SELECT",                         +
         "matches": true,                             +
         "relation": "join_request",                  +
         "expectedRoles": [                           +
             "anon",                                  +
             "authenticated",                         +
             "minion_qc",                             +
             "service_role"                           +
         ],                                           +
         "actualCommandRoles": [                      +
             "anon",                                  +
             "authenticated",                         +
             "minion_qc",                             +
             "service_role"                           +
         ]                                            +
     },                                               +
     {                                                +
         "owner": "minion_qc",                        +
         "policy": "organization_members_admin_all",  +
         "command": "ALL",                            +
         "matches": true,                             +
         "relation": "organization_members",          +
         "expectedRoles": [                           +
             "anon",                                  +
             "app_ledger",                            +
             "authenticated",                         +
             "minion_qc",                             +
             "service_role"                           +
         ],                                           +
         "actualCommandRoles": [                      +
             "anon",                                  +
             "app_ledger",                            +
             "authenticated",                         +
             "minion_qc",                             +
             "service_role"                           +
         ]                                            +
     },                                               +
     {                                                +
         "owner": "minion_qc",                        +
         "policy": "organization_members_self_select",+
         "command": "SELECT",                         +
         "matches": true,                             +
         "relation": "organization_members",          +
         "expectedRoles": [                           +
             "anon",                                  +
             "app_ledger",                            +
             "authenticated",                         +
             "minion_qc",                             +
             "service_role"                           +
         ],                                           +
         "actualCommandRoles": [                      +
             "anon",                                  +
             "app_ledger",                            +
             "authenticated",                         +
             "minion_qc",                             +
             "service_role"                           +
         ]                                            +
     },                                               +
     {                                                +
         "owner": "minion_qc",                        +
         "policy": "organizations_admin_all",         +
         "command": "ALL",                            +
         "matches": true,                             +
         "relation": "organizations",                 +
         "expectedRoles": [                           +
             "anon",                                  +
             "authenticated",                         +
             "minion_qc",                             +
             "service_role"                           +
         ],                                           +
         "actualCommandRoles": [                      +
             "anon",                                  +
             "authenticated",                         +
             "minion_qc",                             +
             "service_role"                           +
         ]                                            +
     },                                               +
     {                                                +
         "owner": "minion_qc",                        +
         "policy": "organizations_member_select",     +
         "command": "SELECT",                         +
         "matches": true,                             +
         "relation": "organizations",                 +
         "expectedRoles": [                           +
             "anon",                                  +
             "authenticated",                         +
             "minion_qc",                             +
             "service_role"                           +
         ],                                           +
         "actualCommandRoles": [                      +
             "anon",                                  +
             "authenticated",                         +
             "minion_qc",                             +
             "service_role"                           +
         ]                                            +
     },                                               +
     {                                                +
         "owner": "minion_qc",                        +
         "policy": "permission_rules_org_guc",        +
         "command": "ALL",                            +
         "matches": true,                             +
         "relation": "permission_rules",              +
         "expectedRoles": [                           +
             "anon",                                  +
             "app_ledger",                            +
             "authenticated",                         +
             "minion_qc",                             +
             "service_role"                           +
         ],                                           +
         "actualCommandRoles": [                      +
             "anon",                                  +
             "app_ledger",                            +
             "authenticated",                         +
             "minion_qc",                             +
             "service_role"                           +
         ]                                            +
     },                                               +
     {                                                +
         "owner": "minion_qc",                        +
         "policy": "profiles_self_select",            +
         "command": "SELECT",                         +
         "matches": true,                             +
         "relation": "profiles",                      +
         "expectedRoles": [                           +
             "anon",                                  +
             "app_ledger",                            +
             "authenticated",                         +
             "minion_qc",                             +
             "service_role"                           +
         ],                                           +
         "actualCommandRoles": [                      +
             "anon",                                  +
             "app_ledger",                            +
             "authenticated",                         +
             "minion_qc",                             +
             "service_role"                           +
         ]                                            +
     },                                               +
     {                                                +
         "owner": "minion_qc",                        +
         "policy": "profiles_self_update",            +
         "command": "UPDATE",                         +
         "matches": true,                             +
         "relation": "profiles",                      +
         "expectedRoles": [                           +
             "anon",                                  +
             "authenticated",                         +
             "minion_qc",                             +
             "service_role"                           +
         ],                                           +
         "actualCommandRoles": [                      +
             "anon",                                  +
             "authenticated",                         +
             "minion_qc",                             +
             "service_role"                           +
         ]                                            +
     }                                                +
 ]
(1 row)

                jsonb_pretty                
--------------------------------------------
 {                                         +
     "finalizerRole": {                    +
         "login": false,                   +
         "inherit": false,                 +
         "createDb": false,                +
         "bypassRls": false,               +
         "superuser": false,               +
         "createRole": false,              +
         "replication": false              +
     },                                    +
     "serverVersionNum": 180006,           +
     "runtimeReachability": [              +
         {                                 +
             "set": false,                 +
             "role": "anon",               +
             "usage": false,               +
             "adminEdge": false            +
         },                                +
         {                                 +
             "set": false,                 +
             "role": "app_assistant_ro",   +
             "usage": false,               +
             "adminEdge": false            +
         },                                +
         {                                 +
             "set": false,                 +
             "role": "app_ledger",         +
             "usage": false,               +
             "adminEdge": false            +
         },                                +
         {                                 +
             "set": false,                 +
             "role": "authenticated",      +
             "usage": false,               +
             "adminEdge": false            +
         },                                +
         {                                 +
             "set": false,                 +
             "role": "brain_vector_worker",+
             "usage": false,               +
             "adminEdge": false            +
         },                                +
         {                                 +
             "set": false,                 +
             "role": "service_role",       +
             "usage": false,               +
             "adminEdge": false            +
         }                                 +
     ],                                    +
     "finalizerMembershipEdges": [         +
     ]                                     +
 }
(1 row)

