scripts/db-migrate.ts failed (exit=1)
[child stdout]
db:migrate — applying 20260921010000 (20260921010000_tag_scopes.sql)…
db:migrate — applying 20260921220000 (20260921220000_crm_contact_guardians.sql)…
db:migrate — applying 20260922000000 (20260922000000_table_config.sql)…
db:migrate — applying 20260922120000 (20260922120000_fin_product_categories.sql)…
db:migrate — applying 20260926180000 (20260926180000_custom_table_properties.sql)…
db:migrate — applying 20260926230000 (20260926230000_formula_properties.sql)…
db:migrate — applying 20260927010000 (20260927010000_column_presentation.sql)…
db:migrate — applying 20260928120000 (20260928120000_stk_items_archived_at.sql)…
db:migrate — applying 20261002230000 (20261002230000_custom_table_properties_bookings.sql)…
db:migrate — applying 20261003100000 (20261003100000_meta_sync_leases.sql)…
db:migrate — applying 20261003110000 (20261003110000_marketplace_operations.sql)…
db:migrate — applying 20261003120000 (20261003120000_pos_plan_operations.sql)…
db:migrate — applying 20261003130000 (20261003130000_pos_wallet_currency.sql)…
db:migrate — applying 20261003140000 (20261003140000_notification_legacy_reconciliation.sql)…
db:migrate — applying 20261003150000 (20261003150000_notification_event_outbox.sql)…
db:migrate — applying 20261003160000 (20261003160000_notification_worker_scheduler.sql)…
db:migrate — applying 20261003170000 (20261003170000_notification_audience_projection.sql)…
[child stderr]
db:migrate FAILED — must be owner of function notification_event_enqueue
